
Memory Configuration

Name             Origin             Length             Attributes
FLASH            0x08000000         0x00100000         xr
SRAM             0x20000000         0x00020000         xrw
*default*        0x00000000         0xffffffff

Linker script and memory map

LOAD Stm32f07xx_gpio.o
LOAD main.o
LOAD stm32_startup.o

.text           0x08000000      0x888
 *(.isr_vector)
 .isr_vector    0x08000000      0x188 stm32_startup.o
                0x08000000                vectors
 *(.text)
 .text          0x08000188      0x590 Stm32f07xx_gpio.o
                0x08000188                GPIO_peri_clock
                0x08000358                GPIO_init
                0x080004de                GPIO_de_init
                0x08000648                GPIO_read_inp_port
                0x08000662                GPIO_read_inp_pin
                0x0800068a                GPIO_write_op_port
                0x080006a6                GPIO_write_op_pin
                0x080006ee                GPIO_toggleoutput_pin
 .text          0x08000718       0xe4 main.o
                0x08000718                delay
                0x08000740                main
 .text          0x080007fc       0x8c stm32_startup.o
                0x080007fc                RTC_Alarm_IRQHandler
                0x080007fc                HASH_RNG_IRQHandler
                0x080007fc                EXTI2_IRQHandler
                0x080007fc                TIM8_CC_IRQHandler
                0x080007fc                DebugMon_Handler
                0x080007fc                TIM1_CC_IRQHandler
                0x080007fc                DMA2_Stream5_IRQHandler
                0x080007fc                HardFault_Handler
                0x080007fc                DMA1_Stream5_IRQHandler
                0x080007fc                SysTick_Handler
                0x080007fc                PVD_IRQHandler
                0x080007fc                SDIO_IRQHandler
                0x080007fc                TAMP_STAMP_IRQHandler
                0x080007fc                PendSV_Handler
                0x080007fc                NMI_Handler
                0x080007fc                CAN2_RX1_IRQHandler
                0x080007fc                EXTI3_IRQHandler
                0x080007fc                TIM8_TRG_COM_TIM14_IRQHandler
                0x080007fc                TIM1_UP_TIM10_IRQHandler
                0x080007fc                TIM8_UP_TIM13_IRQHandler
                0x080007fc                I2C3_ER_IRQHandler
                0x080007fc                EXTI0_IRQHandler
                0x080007fc                I2C2_EV_IRQHandler
                0x080007fc                DMA1_Stream2_IRQHandler
                0x080007fc                CAN1_RX0_IRQHandler
                0x080007fc                FPU_IRQHandler
                0x080007fc                OTG_HS_WKUP_IRQHandler
                0x080007fc                UsageFault_Handler
                0x080007fc                CAN2_SCE_IRQHandler
                0x080007fc                DMA2_Stream2_IRQHandler
                0x080007fc                SPI1_IRQHandler
                0x080007fc                TIM6_DAC_IRQHandler
                0x080007fc                TIM1_BRK_TIM9_IRQHandler
                0x080007fc                DCMI_IRQHandler
                0x080007fc                CAN2_RX0_IRQHandler
                0x080007fc                DMA2_Stream3_IRQHandler
                0x080007fc                USART6_IRQHandler
                0x080007fc                USART3_IRQHandler
                0x080007fc                CRYP_IRQHandler
                0x080007fc                DMA2_Stream6_IRQHandler
                0x080007fc                CAN1_RX1_IRQHandler
                0x080007fc                UART5_IRQHandler
                0x080007fc                DMA2_Stream0_IRQHandler
                0x080007fc                TIM4_IRQHandler
                0x080007fc                I2C1_EV_IRQHandler
                0x080007fc                DMA1_Stream6_IRQHandler
                0x080007fc                DMA1_Stream1_IRQHandler
                0x080007fc                UART4_IRQHandler
                0x080007fc                TIM3_IRQHandler
                0x080007fc                RCC_IRQHandler
                0x080007fc                TIM8_BRK_TIM12_IRQHandler
                0x080007fc                Default_Handler
                0x080007fc                EXTI15_10_IRQHandler
                0x080007fc                ADC_IRQHandler
                0x080007fc                DMA1_Stream7_IRQHandler
                0x080007fc                TIM7_IRQHandler
                0x080007fc                CAN2_TX_IRQHandler
                0x080007fc                TIM5_IRQHandler
                0x080007fc                DMA2_Stream7_IRQHandler
                0x080007fc                I2C3_EV_IRQHandler
                0x080007fc                EXTI9_5_IRQHandler
                0x080007fc                RTC_WKUP_IRQHandler
                0x080007fc                ETH_WKUP_IRQHandler
                0x080007fc                SPI2_IRQHandler
                0x080007fc                OTG_HS_EP1_IN_IRQHandler
                0x080007fc                MemManage_Handler
                0x080007fc                DMA1_Stream0_IRQHandler
                0x080007fc                CAN1_TX_IRQHandler
                0x080007fc                SVC_Handler
                0x080007fc                EXTI4_IRQHandler
                0x080007fc                FSMC_IRQHandler
                0x080007fc                ETH_IRQHandler
                0x080007fc                OTG_HS_EP1_OUT_IRQHandler
                0x080007fc                WWDG_IRQHandler
                0x080007fc                TIM2_IRQHandler
                0x080007fc                OTG_FS_WKUP_IRQHandler
                0x080007fc                TIM1_TRG_COM_TIM11_IRQHandler
                0x080007fc                OTG_HS_IRQHandler
                0x080007fc                EXTI1_IRQHandler
                0x080007fc                USART2_IRQHandler
                0x080007fc                I2C2_ER_IRQHandler
                0x080007fc                DMA2_Stream1_IRQHandler
                0x080007fc                CAN1_SCE_IRQHandler
                0x080007fc                DMA2_Stream4_IRQHandler
                0x080007fc                BusFault_Handler
                0x080007fc                USART1_IRQHandler
                0x080007fc                OTG_FS_IRQHandler
                0x080007fc                SPI3_IRQHandler
                0x080007fc                DMA1_Stream4_IRQHandler
                0x080007fc                I2C1_ER_IRQHandler
                0x080007fc                DMA1_Stream3_IRQHandler
                0x08000802                Reset_Handler
 *(.rodata)
                0x08000888                _etext = .
                0x08000888                _la_data = LOADADDR (.data)

.glue_7         0x08000888        0x0
 .glue_7        0x08000888        0x0 linker stubs

.glue_7t        0x08000888        0x0
 .glue_7t       0x08000888        0x0 linker stubs

.vfp11_veneer   0x08000888        0x0
 .vfp11_veneer  0x08000888        0x0 linker stubs

.v4_bx          0x08000888        0x0
 .v4_bx         0x08000888        0x0 linker stubs

.iplt           0x08000888        0x0
 .iplt          0x08000888        0x0 main.o

.rel.dyn        0x08000888        0x0
 .rel.iplt      0x08000888        0x0 main.o

.data           0x20000000        0x0 load address 0x08000888
                0x20000000                _sdata = .
 *(.data)
 .data          0x20000000        0x0 Stm32f07xx_gpio.o
 .data          0x20000000        0x0 main.o
 .data          0x20000000        0x0 stm32_startup.o
                0x20000000                _edata = .

.igot.plt       0x20000000        0x0 load address 0x08000888
 .igot.plt      0x20000000        0x0 main.o

.bss            0x20000000        0x0 load address 0x08000888
                0x20000000                _sbss = .
 *(.bss)
 .bss           0x20000000        0x0 Stm32f07xx_gpio.o
 .bss           0x20000000        0x0 main.o
 .bss           0x20000000        0x0 stm32_startup.o
                0x20000000                _ebss = .
OUTPUT(final.elf elf32-littlearm)
LOAD linker stubs

.comment        0x00000000       0x49
 .comment       0x00000000       0x49 Stm32f07xx_gpio.o
                                 0x4a (size before relaxing)
 .comment       0x00000049       0x4a main.o
 .comment       0x00000049       0x4a stm32_startup.o

.ARM.attributes
                0x00000000       0x2e
 .ARM.attributes
                0x00000000       0x2e Stm32f07xx_gpio.o
 .ARM.attributes
                0x0000002e       0x2e main.o
 .ARM.attributes
                0x0000005c       0x2e stm32_startup.o
